{
  "version": "1.5.0",
  "plugins_used": [
    {
      "name": "ArtifactoryDetector"
    },
    {
      "name": "AWSKeyDetector"
    },
    {
      "name": "AzureStorageKeyDetector"
    },
    {
      "name": "Base64HighEntropyString",
      "limit": 4.5
    },
    {
      "name": "BasicAuthDetector"
    },
    {
      "name": "CloudantDetector"
    },
    {
      "name": "DiscordBotTokenDetector"
    },
    {
      "name": "GitHubTokenDetector"
    },
    {
      "name": "HexHighEntropyString",
      "limit": 3.0
    },
    {
      "name": "IbmCloudIamDetector"
    },
    {
      "name": "IbmCosHmacDetector"
    },
    {
      "name": "IPPublicDetector"
    },
    {
      "name": "JwtTokenDetector"
    },
    {
      "name": "KeywordDetector",
      "keyword_exclude": ""
    },
    {
      "name": "MailchimpDetector"
    },
    {
      "name": "NpmDetector"
    },
    {
      "name": "OpenAIDetector"
    },
    {
      "name": "PrivateKeyDetector"
    },
    {
      "name": "PypiTokenDetector"
    },
    {
      "name": "SendGridDetector"
    },
    {
      "name": "SlackDetector"
    },
    {
      "name": "SoftlayerDetector"
    },
    {
      "name": "SquareOAuthDetector"
    },
    {
      "name": "StripeDetector"
    },
    {
      "name": "TelegramBotTokenDetector"
    },
    {
      "name": "TwilioKeyDetector"
    }
  ],
  "filters_used": [
    {
      "path": "detect_secrets.filters.allowlist.is_line_allowlisted"
    },
    {
      "path": "detect_secrets.filters.common.is_baseline_file",
      "filename": ".secrets.baseline"
    },
    {
      "path": "detect_secrets.filters.common.is_ignored_due_to_verification_policies",
      "min_level": 2
    },
    {
      "path": "detect_secrets.filters.heuristic.is_indirect_reference"
    },
    {
      "path": "detect_secrets.filters.heuristic.is_likely_id_string"
    },
    {
      "path": "detect_secrets.filters.heuristic.is_lock_file"
    },
    {
      "path": "detect_secrets.filters.heuristic.is_not_alphanumeric_string"
    },
    {
      "path": "detect_secrets.filters.heuristic.is_potential_uuid"
    },
    {
      "path": "detect_secrets.filters.heuristic.is_prefixed_with_dollar_sign"
    },
    {
      "path": "detect_secrets.filters.heuristic.is_sequential_string"
    },
    {
      "path": "detect_secrets.filters.heuristic.is_swagger_file"
    },
    {
      "path": "detect_secrets.filters.heuristic.is_templated_secret"
    }
  ],
  "results": {
    "experiments/notebooks/organisations.ipynb": [
      {
        "type": "Base64 High Entropy String",
        "filename": "experiments/notebooks/organisations.ipynb",
        "hashed_secret": "717be6bd5084b10abff932c99fb7418c55065859",
        "is_verified": false,
        "line_number": 221
      },
      {
        "type": "Base64 High Entropy String",
        "filename": "experiments/notebooks/organisations.ipynb",
        "hashed_secret": "448489c91f99384feed58cfb86eb471fed524e40",
        "is_verified": false,
        "line_number": 658
      },
      {
        "type": "Base64 High Entropy String",
        "filename": "experiments/notebooks/organisations.ipynb",
        "hashed_secret": "4991740f68b774b6155796ba917d7d46fc2b6530",
        "is_verified": false,
        "line_number": 707
      },
      {
        "type": "Base64 High Entropy String",
        "filename": "experiments/notebooks/organisations.ipynb",
        "hashed_secret": "c1b6b12029b23aef766101099efce5d96cac4896",
        "is_verified": false,
        "line_number": 752
      }
    ],
    "notebooks/01_eda.ipynb": [
      {
        "type": "Base64 High Entropy String",
        "filename": "notebooks/01_eda.ipynb",
        "hashed_secret": "28807ca4e1ef72a9dcd92d7e368f22577c793780",
        "is_verified": false,
        "line_number": 399
      },
      {
        "type": "Base64 High Entropy String",
        "filename": "notebooks/01_eda.ipynb",
        "hashed_secret": "353570f92ce5e6d93a96d946b548edc306c8488a",
        "is_verified": false,
        "line_number": 636
      },
      {
        "type": "Base64 High Entropy String",
        "filename": "notebooks/01_eda.ipynb",
        "hashed_secret": "d65885699d47547ae8ca8497063f6c124c241c46",
        "is_verified": false,
        "line_number": 832
      },
      {
        "type": "Base64 High Entropy String",
        "filename": "notebooks/01_eda.ipynb",
        "hashed_secret": "8c30f89b60f2cf795ef067b184b921ae41b42d41",
        "is_verified": false,
        "line_number": 881
      },
      {
        "type": "Base64 High Entropy String",
        "filename": "notebooks/01_eda.ipynb",
        "hashed_secret": "af91438e49d2842436f0819eb0f814a7006f209e",
        "is_verified": false,
        "line_number": 1153
      }
    ],
    "notebooks/03_baseline_tfidf.ipynb": [
      {
        "type": "Base64 High Entropy String",
        "filename": "notebooks/03_baseline_tfidf.ipynb",
        "hashed_secret": "317f1eff69bf29a1b77553aa1bc996ac0b495990",
        "is_verified": false,
        "line_number": 293
      },
      {
        "type": "Base64 High Entropy String",
        "filename": "notebooks/03_baseline_tfidf.ipynb",
        "hashed_secret": "1a8ff943cb486d6257a8c96df62fee115249790b",
        "is_verified": false,
        "line_number": 793
      },
      {
        "type": "Base64 High Entropy String",
        "filename": "notebooks/03_baseline_tfidf.ipynb",
        "hashed_secret": "00922192e8b95d46daa63cea98025ba436cf98b3",
        "is_verified": false,
        "line_number": 1066
      }
    ],
    "notebooks/04_sentence_transformer.ipynb": [
      {
        "type": "Base64 High Entropy String",
        "filename": "notebooks/04_sentence_transformer.ipynb",
        "hashed_secret": "7eb3ad71f1563c2d8a9722bd9b747d0dee1c7c9a",
        "is_verified": false,
        "line_number": 555
      },
      {
        "type": "Base64 High Entropy String",
        "filename": "notebooks/04_sentence_transformer.ipynb",
        "hashed_secret": "b152edc07d5556c7ffe27c51a01785fc5db35320",
        "is_verified": false,
        "line_number": 745
      }
    ],
    "notebooks/05_transformer.ipynb": [
      {
        "type": "Base64 High Entropy String",
        "filename": "notebooks/05_transformer.ipynb",
        "hashed_secret": "a4dbc0ef228a856993bc13c9c2de28d7cdee5596",
        "is_verified": false,
        "line_number": 406
      },
      {
        "type": "Base64 High Entropy String",
        "filename": "notebooks/05_transformer.ipynb",
        "hashed_secret": "6ba1309c37b17548d590f0962e341c59db0a4607",
        "is_verified": false,
        "line_number": 502
      },
      {
        "type": "Base64 High Entropy String",
        "filename": "notebooks/05_transformer.ipynb",
        "hashed_secret": "a23a594058d4c0cdc59d5cc75a09fbfc11f0eb85",
        "is_verified": false,
        "line_number": 955
      }
    ],
    "notebooks/06_claude_api.ipynb": [
      {
        "type": "Base64 High Entropy String",
        "filename": "notebooks/06_claude_api.ipynb",
        "hashed_secret": "7b4fbe5601b48cf5ca9b4f20900dee767ab639b0",
        "is_verified": false,
        "line_number": 440
      },
      {
        "type": "Base64 High Entropy String",
        "filename": "notebooks/06_claude_api.ipynb",
        "hashed_secret": "485a0b4a8e89c68524808a0977b54efcd875b362",
        "is_verified": false,
        "line_number": 1030
      }
    ],
    "notebooks/07_test_hybrid.ipynb": [
      {
        "type": "Base64 High Entropy String",
        "filename": "notebooks/07_test_hybrid.ipynb",
        "hashed_secret": "5227ce0e71f3e1091b741aaa0ed80dd83925a205",
        "is_verified": false,
        "line_number": 138
      }
    ],
    "notebooks/08_model_comparison.ipynb": [
      {
        "type": "Base64 High Entropy String",
        "filename": "notebooks/08_model_comparison.ipynb",
        "hashed_secret": "7345e0c911e798852a128450f7734478560a0863",
        "is_verified": false,
        "line_number": 291
      },
      {
        "type": "Base64 High Entropy String",
        "filename": "notebooks/08_model_comparison.ipynb",
        "hashed_secret": "fa1730e39319dc43b17d7320e2a5fad8b935ad13",
        "is_verified": false,
        "line_number": 581
      }
    ],
    "notebooks/09_shap_sst.ipynb": [
      {
        "type": "Base64 High Entropy String",
        "filename": "notebooks/09_shap_sst.ipynb",
        "hashed_secret": "9f104524e878e5b2e44ab8580b6455b934b7b177",
        "is_verified": false,
        "line_number": 686
      },
      {
        "type": "Base64 High Entropy String",
        "filename": "notebooks/09_shap_sst.ipynb",
        "hashed_secret": "ae40254a003bb84191a3fca4abbe36f45d071530",
        "is_verified": false,
        "line_number": 1768
      },
      {
        "type": "Base64 High Entropy String",
        "filename": "notebooks/09_shap_sst.ipynb",
        "hashed_secret": "bba81b3046613071b10994f5269bd7a5c42437d6",
        "is_verified": false,
        "line_number": 1787
      },
      {
        "type": "Base64 High Entropy String",
        "filename": "notebooks/09_shap_sst.ipynb",
        "hashed_secret": "ea761b2f4a140afb7b9d4f63f7a9d91457fba44b",
        "is_verified": false,
        "line_number": 1806
      },
      {
        "type": "Base64 High Entropy String",
        "filename": "notebooks/09_shap_sst.ipynb",
        "hashed_secret": "47c78940cb0cad85b8f8a631ac8540800e1ff39c",
        "is_verified": false,
        "line_number": 1825
      },
      {
        "type": "Base64 High Entropy String",
        "filename": "notebooks/09_shap_sst.ipynb",
        "hashed_secret": "a8ed15f92038504b1784882784510ab356510b24",
        "is_verified": false,
        "line_number": 1844
      },
      {
        "type": "Base64 High Entropy String",
        "filename": "notebooks/09_shap_sst.ipynb",
        "hashed_secret": "99f67406f37c84266f8dc2b44afc12030d41a779",
        "is_verified": false,
        "line_number": 1863
      },
      {
        "type": "Base64 High Entropy String",
        "filename": "notebooks/09_shap_sst.ipynb",
        "hashed_secret": "01caff9a9057a4b979b18d9a15b869782e02c05c",
        "is_verified": false,
        "line_number": 1929
      },
      {
        "type": "Base64 High Entropy String",
        "filename": "notebooks/09_shap_sst.ipynb",
        "hashed_secret": "71abb4d3461445936ab48cfff6d81d68486058da",
        "is_verified": false,
        "line_number": 1948
      },
      {
        "type": "Base64 High Entropy String",
        "filename": "notebooks/09_shap_sst.ipynb",
        "hashed_secret": "39f0f043b8751c173102f9996892aa2927818338",
        "is_verified": false,
        "line_number": 1967
      },
      {
        "type": "Base64 High Entropy String",
        "filename": "notebooks/09_shap_sst.ipynb",
        "hashed_secret": "fde1a5ccae3f7f94087e9868829497a18d5679b8",
        "is_verified": false,
        "line_number": 1986
      },
      {
        "type": "Base64 High Entropy String",
        "filename": "notebooks/09_shap_sst.ipynb",
        "hashed_secret": "354187887ffdf7e571858c4dfde28dc69812318f",
        "is_verified": false,
        "line_number": 2005
      },
      {
        "type": "Base64 High Entropy String",
        "filename": "notebooks/09_shap_sst.ipynb",
        "hashed_secret": "f579140ffd0d541228a976baa3eee970cc0f5675",
        "is_verified": false,
        "line_number": 2024
      },
      {
        "type": "Base64 High Entropy String",
        "filename": "notebooks/09_shap_sst.ipynb",
        "hashed_secret": "75585979fc42b3561b8839c214c33a8e69fbebc9",
        "is_verified": false,
        "line_number": 2175
      },
      {
        "type": "Base64 High Entropy String",
        "filename": "notebooks/09_shap_sst.ipynb",
        "hashed_secret": "348e7fc72366c3c02832c2e07e289a469ebfb2f7",
        "is_verified": false,
        "line_number": 2193
      },
      {
        "type": "Base64 High Entropy String",
        "filename": "notebooks/09_shap_sst.ipynb",
        "hashed_secret": "51da20fe9153d94b006df54932f7dbaecafa95b5",
        "is_verified": false,
        "line_number": 2211
      },
      {
        "type": "Base64 High Entropy String",
        "filename": "notebooks/09_shap_sst.ipynb",
        "hashed_secret": "1078b85553b427ca5689bee12f5427b70593deca",
        "is_verified": false,
        "line_number": 2229
      },
      {
        "type": "Base64 High Entropy String",
        "filename": "notebooks/09_shap_sst.ipynb",
        "hashed_secret": "a2a351d8618c6adc04f0560fb30fc81777a79f21",
        "is_verified": false,
        "line_number": 2247
      },
      {
        "type": "Base64 High Entropy String",
        "filename": "notebooks/09_shap_sst.ipynb",
        "hashed_secret": "bf73a657ec729e70041f9e325cb2969e670fbd62",
        "is_verified": false,
        "line_number": 2265
      },
      {
        "type": "Base64 High Entropy String",
        "filename": "notebooks/09_shap_sst.ipynb",
        "hashed_secret": "282e4b3a13de8b8015fb37463169735cfc103799",
        "is_verified": false,
        "line_number": 2701
      },
      {
        "type": "Base64 High Entropy String",
        "filename": "notebooks/09_shap_sst.ipynb",
        "hashed_secret": "0af225f12af97086f19bd9a10d7f31d379f61056",
        "is_verified": false,
        "line_number": 2738
      }
    ],
    "notebooks/10_production_pipeline.ipynb": [
      {
        "type": "Base64 High Entropy String",
        "filename": "notebooks/10_production_pipeline.ipynb",
        "hashed_secret": "49dc76629823b6dd8762d1a109458f915f40636c",
        "is_verified": false,
        "line_number": 661
      },
      {
        "type": "Base64 High Entropy String",
        "filename": "notebooks/10_production_pipeline.ipynb",
        "hashed_secret": "cf70808143e7238c62a8e5dfbf705b807bda3020",
        "is_verified": false,
        "line_number": 752
      }
    ],
    "notebooks/11_evaluation.ipynb": [
      {
        "type": "Base64 High Entropy String",
        "filename": "notebooks/11_evaluation.ipynb",
        "hashed_secret": "8f7be6221636e7a3458c4dfe8524cad4486caab6",
        "is_verified": false,
        "line_number": 545
      },
      {
        "type": "Base64 High Entropy String",
        "filename": "notebooks/11_evaluation.ipynb",
        "hashed_secret": "974d9a24237679318fb20f8ed48f00bbb1e3054e",
        "is_verified": false,
        "line_number": 721
      },
      {
        "type": "Base64 High Entropy String",
        "filename": "notebooks/11_evaluation.ipynb",
        "hashed_secret": "e7e022cdb4418877048cf3fcf1bcb0be8e807289",
        "is_verified": false,
        "line_number": 930
      },
      {
        "type": "Base64 High Entropy String",
        "filename": "notebooks/11_evaluation.ipynb",
        "hashed_secret": "92fcc1c23c55e199ec17feaa3f440bd5f86b7f8a",
        "is_verified": false,
        "line_number": 1049
      },
      {
        "type": "Base64 High Entropy String",
        "filename": "notebooks/11_evaluation.ipynb",
        "hashed_secret": "21ddd04ffc4e4ed6408d23efe04682a58070ba57",
        "is_verified": false,
        "line_number": 1304
      },
      {
        "type": "Base64 High Entropy String",
        "filename": "notebooks/11_evaluation.ipynb",
        "hashed_secret": "95a9b6bf40c029b9e40534bedfe0da94120837e0",
        "is_verified": false,
        "line_number": 1447
      },
      {
        "type": "Base64 High Entropy String",
        "filename": "notebooks/11_evaluation.ipynb",
        "hashed_secret": "da7e7efb2cf096f457995904305cce1c35656544",
        "is_verified": false,
        "line_number": 1506
      }
    ],
    "notebooks/12_drift_monitoring.ipynb": [
      {
        "type": "Base64 High Entropy String",
        "filename": "notebooks/12_drift_monitoring.ipynb",
        "hashed_secret": "1137606050e9569c94038e354e63f663e9a47512",
        "is_verified": false,
        "line_number": 949
      },
      {
        "type": "Base64 High Entropy String",
        "filename": "notebooks/12_drift_monitoring.ipynb",
        "hashed_secret": "06df0013c7b0ba8ee6563392b720bd79eb6e28fe",
        "is_verified": false,
        "line_number": 1012
      },
      {
        "type": "Base64 High Entropy String",
        "filename": "notebooks/12_drift_monitoring.ipynb",
        "hashed_secret": "15926c98ceba08bbb3f83a22873264f1eac7963d",
        "is_verified": false,
        "line_number": 1035
      },
      {
        "type": "Base64 High Entropy String",
        "filename": "notebooks/12_drift_monitoring.ipynb",
        "hashed_secret": "32aae7ab2a7816ec41a03edf487a40fbeb9e9b38",
        "is_verified": false,
        "line_number": 1106
      },
      {
        "type": "Base64 High Entropy String",
        "filename": "notebooks/12_drift_monitoring.ipynb",
        "hashed_secret": "7762953324a2034cddbbabc1db998aaee1512abb",
        "is_verified": false,
        "line_number": 1450
      },
      {
        "type": "Base64 High Entropy String",
        "filename": "notebooks/12_drift_monitoring.ipynb",
        "hashed_secret": "11f2c780b2cc58abebe035b329fa22469af7c0c4",
        "is_verified": false,
        "line_number": 1492
      },
      {
        "type": "Base64 High Entropy String",
        "filename": "notebooks/12_drift_monitoring.ipynb",
        "hashed_secret": "cb062f878b94a38ac33ba9800b006f6bf6b17f98",
        "is_verified": false,
        "line_number": 1837
      },
      {
        "type": "Base64 High Entropy String",
        "filename": "notebooks/12_drift_monitoring.ipynb",
        "hashed_secret": "0821294375dda32911b8e317115bc307558d1b3e",
        "is_verified": false,
        "line_number": 2185
      },
      {
        "type": "Base64 High Entropy String",
        "filename": "notebooks/12_drift_monitoring.ipynb",
        "hashed_secret": "3d452a0b3bcd1ee7acfedd7902df4884f1c47c76",
        "is_verified": false,
        "line_number": 2266
      },
      {
        "type": "Base64 High Entropy String",
        "filename": "notebooks/12_drift_monitoring.ipynb",
        "hashed_secret": "3ce00938d4c6467f517c9afabfcc0c1be3e1343a",
        "is_verified": false,
        "line_number": 2404
      },
      {
        "type": "Base64 High Entropy String",
        "filename": "notebooks/12_drift_monitoring.ipynb",
        "hashed_secret": "0c06a0169797aeec51baf0ab60548a70faf1daa8",
        "is_verified": false,
        "line_number": 2449
      },
      {
        "type": "Base64 High Entropy String",
        "filename": "notebooks/12_drift_monitoring.ipynb",
        "hashed_secret": "d2f5c94aa91e00dbf30276f0ed220328ba92c34d",
        "is_verified": false,
        "line_number": 2485
      },
      {
        "type": "Base64 High Entropy String",
        "filename": "notebooks/12_drift_monitoring.ipynb",
        "hashed_secret": "ad127b99aff43863ef5c0813e92035dbda051874",
        "is_verified": false,
        "line_number": 2520
      },
      {
        "type": "Base64 High Entropy String",
        "filename": "notebooks/12_drift_monitoring.ipynb",
        "hashed_secret": "aa5fa88a4846e1c776ad8dee2023183b28010e7b",
        "is_verified": false,
        "line_number": 2666
      },
      {
        "type": "Base64 High Entropy String",
        "filename": "notebooks/12_drift_monitoring.ipynb",
        "hashed_secret": "9be2c561d6c233e3b76f483c90bac218d68316c1",
        "is_verified": false,
        "line_number": 3111
      },
      {
        "type": "Base64 High Entropy String",
        "filename": "notebooks/12_drift_monitoring.ipynb",
        "hashed_secret": "069c81ca5c25db8ab939c7200f485c5816a0c176",
        "is_verified": false,
        "line_number": 3352
      },
      {
        "type": "Base64 High Entropy String",
        "filename": "notebooks/12_drift_monitoring.ipynb",
        "hashed_secret": "37f89118968c207db06cdf09bab17b0287deddc5",
        "is_verified": false,
        "line_number": 3386
      },
      {
        "type": "Base64 High Entropy String",
        "filename": "notebooks/12_drift_monitoring.ipynb",
        "hashed_secret": "75f71f1c498188dcc45728a235794302091b8ba5",
        "is_verified": false,
        "line_number": 3566
      },
      {
        "type": "Base64 High Entropy String",
        "filename": "notebooks/12_drift_monitoring.ipynb",
        "hashed_secret": "bd164f808c0956df98a261352663fddd6580aa27",
        "is_verified": false,
        "line_number": 3613
      },
      {
        "type": "Base64 High Entropy String",
        "filename": "notebooks/12_drift_monitoring.ipynb",
        "hashed_secret": "88cad2a0e6bfd15784e919dd17eeda4d31ace5c7",
        "is_verified": false,
        "line_number": 4475
      }
    ],
    "notebooks/13_embedding_separability.ipynb": [
      {
        "type": "Base64 High Entropy String",
        "filename": "notebooks/13_embedding_separability.ipynb",
        "hashed_secret": "a882361d87ec99c55628b76ee90b4785fbf470ab",
        "is_verified": false,
        "line_number": 243
      }
    ],
    "notebooks/bera/bera_analysis_clean.ipynb": [
      {
        "type": "Base64 High Entropy String",
        "filename": "notebooks/bera/bera_analysis_clean.ipynb",
        "hashed_secret": "0a92e181cec7dfc79165c573259c0bbe7979a46d",
        "is_verified": false,
        "line_number": 680
      },
      {
        "type": "Base64 High Entropy String",
        "filename": "notebooks/bera/bera_analysis_clean.ipynb",
        "hashed_secret": "54f6a839ca3fc0b9c55a1c5a3a7e71d24e71f2ad",
        "is_verified": false,
        "line_number": 742
      },
      {
        "type": "Base64 High Entropy String",
        "filename": "notebooks/bera/bera_analysis_clean.ipynb",
        "hashed_secret": "a5f7edf74340dcfc05d8ec72e5872d1a58d01ea7",
        "is_verified": false,
        "line_number": 1067
      },
      {
        "type": "Base64 High Entropy String",
        "filename": "notebooks/bera/bera_analysis_clean.ipynb",
        "hashed_secret": "f218cbf57a5fd7f2cdb60113b3c4e8c335f4cfb3",
        "is_verified": false,
        "line_number": 1165
      },
      {
        "type": "Base64 High Entropy String",
        "filename": "notebooks/bera/bera_analysis_clean.ipynb",
        "hashed_secret": "0a201b0b49f30a23ff80d36b64affd23d9181318",
        "is_verified": false,
        "line_number": 1214
      },
      {
        "type": "Base64 High Entropy String",
        "filename": "notebooks/bera/bera_analysis_clean.ipynb",
        "hashed_secret": "e98e02d708a450b0d51bfc856eab94eb032c9dbc",
        "is_verified": false,
        "line_number": 2072
      },
      {
        "type": "Base64 High Entropy String",
        "filename": "notebooks/bera/bera_analysis_clean.ipynb",
        "hashed_secret": "89bc15758c7728113238a19b0f6eb0223d47cade",
        "is_verified": false,
        "line_number": 2576
      },
      {
        "type": "Base64 High Entropy String",
        "filename": "notebooks/bera/bera_analysis_clean.ipynb",
        "hashed_secret": "52b65b62a11cd8d0a13ae4e77e9c4d6534aa7720",
        "is_verified": false,
        "line_number": 2978
      },
      {
        "type": "Base64 High Entropy String",
        "filename": "notebooks/bera/bera_analysis_clean.ipynb",
        "hashed_secret": "eeec982bbd02b0d1a00d9ba373818ea13370aece",
        "is_verified": false,
        "line_number": 3054
      },
      {
        "type": "Base64 High Entropy String",
        "filename": "notebooks/bera/bera_analysis_clean.ipynb",
        "hashed_secret": "1644470182e3a5af4c888e435e3cf61eda45b508",
        "is_verified": false,
        "line_number": 3863
      },
      {
        "type": "Base64 High Entropy String",
        "filename": "notebooks/bera/bera_analysis_clean.ipynb",
        "hashed_secret": "910544cc674a362b532bf2956d8d765e8d6b74f5",
        "is_verified": false,
        "line_number": 4315
      },
      {
        "type": "Base64 High Entropy String",
        "filename": "notebooks/bera/bera_analysis_clean.ipynb",
        "hashed_secret": "7c7a6ec46c5abae10cba45d48a0f933abf657b28",
        "is_verified": false,
        "line_number": 4422
      }
    ]
  },
  "generated_at": "2026-06-29T18:49:00Z"
}
